// Vitest Snapshot v1, https://vitest.dev/guide/snapshot.html

exports[`GET / > html snapshot with filtered nonce 1`] = `
<!DOCTYPE html><html><head>
    <title>Using CSP Nonces on Script Tags</title>
    <link rel="stylesheet" href="/main.css">
    <link rel="preload" as="script" href="https://cdn.jsdelivr.net/npm/jquery@3.7.0/dist/jquery.min.js" nonce="<placeholder_for_snapshop_test>">
  </head>
  <body>
    <h1>Using CSP Nonces on Script Tags</h1>
    <p>This is a simple demonstration of using nonces in script tags.</p>
    <a href="#" onclick="alert('ohnoes')">
      Clicking this should not trigger an alert
    </a>
    <script nonce="<placeholder_for_snapshop_test>">
      document.write("<p>✅ Inline script without HTML attributes</p>");
    </script>
    <script class="testing" data-whatever="sup" nonce="<placeholder_for_snapshop_test>">
      document.write("<p>✅ Inline script with HTML attributes</p>");
    </script>
    <script src="https://cdn.jsdelivr.net/npm/jquery@3.7.0/dist/jquery.min.js" nonce="<placeholder_for_snapshop_test>"></script>
    <script nonce="<placeholder_for_snapshop_test>">
      // check that jquery was downloaded from CDN
      if ($) {
        document.write("<p>✅ Script tag with external src</p>");
      }
    </script>
    <script nonce="<placeholder_for_snapshop_test>">
      const el = document.createElement("script");
      el.innerText =
        "document.write('<p>✅ Script tag from <code>document.createElement(\\"script\\")</code></p>');";
      document.body.appendChild(el);
    </script>
    <script nonce="<placeholder_for_snapshop_test>">
      // if the nonce works, then this shouldn't run!
      document.write(
        "<scr" +
          "ipt>" +
          "document.write('<div>❌ Script tag from <code>document.write</code> has executed!</div>');" +
          "</scr" +
          "ipt>"
      );
    </script>
    <script nonce="<placeholder_for_snapshop_test>">
      // test for https://github.com/netlify/plugin-csp-nonce/issues/72 case
      document.write(
        "<scr" +
          "ipt>" +
          "document.write('<p>✅ User-defined script-src value is preserved!</p>');" +
          "</scr" +
          "ipt>"
      );
    </script>
    <script nonce="<placeholder_for_snapshop_test>">
      var CHECKS_COUNT = 6;
      if (document.getElementsByTagName("p").length === CHECKS_COUNT) {
        document.write("<p>✅ Test suite has succeeded</p>");
      } else {
        document.write("<div>❌ Test suite has failed</div>");
      }
    </script>
  

</body></html>
`;
